; SAM ROM v3.0 symbols
;
; ROM 0
0005=HLJUMP
0006=IYJUMP
0008=ERROR
000D=NRWRITE
0010=PRINTA
0013=PRINTSTR
0016=BCJUMP
0018=GETCHAR
0020=NEXTCHAR
0028=FPCALC
002B=DELAYB
002D=IXJUMP
0035=DELYB
0038=INT
0049=ANYI
005F=DELBC
0066=NMI
00A1=RDCN
00A2=NUMBER
00AC=NRREAD
00AE=RDDE
00B0=MINITH
00B2=IDEL
00BE=NEXTCHAR1
00C1=GETCHAR1
00C8=GTCH1
00CD=GTCH2
00D3=GTCH3
00DD=NXCHAR
00E6=FPCP2
00F9=LRPOUT
015A=MODET
0178=JLDVD
017E=JPFSTRS
0181=SENDA
018A=JGTTOK
0190=MODECMD
019B=OTCD
019E=RST102
01AF=S16OP
01BA=INPUTAD
01C7=HLJPI
01CC=PRMAIN
01CF=RST30L2
01E8=RST30L3
01EA=R1ONCLBC
01F2=RST30L4
01FA=R1OFFJP
0201=R1OFFCL
0207=R1OFFCLBC
0208=R1OF2
020D=R1OFON
0219=LDBCJP
021F=R1XJP
0227=SOP2
0244=SOPL
024D=SOP3
0252=SOP4
0256=R1OFRD
025E=JSVIN
027F=JSVIN2
028B=STRMTAB
0294=EDER
029F=EDCX
02A6=EDITOR
02B9=EDAG
02C4=EDLP
02EA=TWOKYS
02F2=ADDCHAR
030B=ADCH05
030F=ADCH07
031A=ADCH1
0331=EDFK
0346=EDFK1
0354=EDFK2
0370=EKPT
0379=EDKY
038B=EDKY1
0393=EDKY2
03D9=EDLT
03DC=EDLT2
03EB=EDRT
03F3=EDRLC
03F7=EDUP
0409=EDUD2
0412=EDUD25
0427=EDUD3
0435=KOPSET
043A=EDKPX
043F=EDDLR
0445=EDDLL
0449=EDDLC
0450=CARET
0462=EDDL3
0465=EDENT
0467=ERRCHK
0468=RESESP
0472=RESTOP
0476=POCHNG
0479=DETOHL
047D=PRERESTOP
0485=CUOP
0488=WARNBZ
048E=RSPNS
0499=NOISE
049F=NS2
04A2=BEEPER
04A5=CLEARSP
04AF=CLRSP2
04B3=CLRSP3
04B7=SETKC
04B9=SETKC2
04C2=SETDE
04CE=SETDE2
04D3=PPRET
04D6=LNNM
04E0=LNNM2
04E4=GTKBK
04E7=WKBR
04F0=WAITKEY
04FA=WTKY2
0502=KYIP
050A=KYIP2
0531=KYPM
0556=KYPM5
055A=KYPM6
055F=KYCZ
0568=KYCL
0574=KYPN
0576=EDPRT
0579=FONOP
057C=AULN
05A4=STRM0
05A8=DKTR
05AA=FNDKYD
05AE=FDKL
05BD=KSCHK
05C6=AUTOLIST
05CF=AUL2
0604=AULLP
0610=AUL25
061E=AUL3
0622=AUL4
062C=AULX
0637=LLIST
063A=LIST
0659=LIST1
0663=LIST2
0674=LIST3
0680=LIST4
0684=LIST5
068D=LSTLNS
0690=SPACAN
0698=MCLS
069B=CLS
06A2=CLSNH
06AE=CLSBL
06B5=CLSLOWER
06E0=CLSL2
06F0=CLSUP
06F2=CLU1
0702=CLU2
0726=CLS2
0737=ZTEL
0740=CLWC
0743=CLWC2
0753=CLSE
0779=CLS1
0782=CLSG
078E=CLSLP
07A3=LPRINT
07A6=PRINT
07B7=PRINT2
07BD=MPRSEPLP
07CC=PRINT3
07CF=RUNCR
07D1=PRCIFRN
07D8=PRSEPR
07E9=PRSEPR2
07EC=PRSEPR3
07ED=PRTERM
07F8=PRITEM
0808=PRITEM2
081A=ATSR2
081B=ATSR3
081D=ATSR4
0823=PRITEM4
0839=PRITEM5
0843=FUPDN
084E=FUPDN2
0875=LPUL
0884=MWDN
08B1=MWDN2
08BF=IOUTLNC
08C2=IOUTLN
08C5=IOPCL
08CD=IOPOF
08D2=OUTLINC
08D5=LPD
08EF=LPDL
08FE=LPC
090F=MWUP
0937=REALN
093E=ADVSTOP
0943=ADVEPPC
0946=ADVAN
094C=ADVAC
0957=JROLL
0961=ROLL
0965=SCROLL
096D=SETPROMPT
0976=SCRNINOT
0977=RSCOMM
0988=ROLL4
0995=ROLL5
099F=ROLL6
09C2=ROLL7
09C6=JROLL2
09DE=IOORHP2
09E0=ROLL75
09EE=NTRDOWN
0A17=NTNRL
0A1E=NLRLP
0A31=ROLL8
0A3F=RLBYTE
0A53=RLBY2
0A62=RLBMLP
0A7D=RCURPH
0A80=RRBMLP
0A9D=SCROLLLR
0A9F=SLBMLP
0AAD=SLBBLP
0AB9=RCURH2
0ABB=SRBYPRE
0ABC=SRBMLP
0ACB=SRBBLP
0AD9=RUPDN
0AE1=RUPDN2
0B02=ADDDISP
0B0A=RUPFIN
0B16=SCRUDWRAP
0B26=SCRUDBLK
0B2C=SCRUBOLP
0B3C=RCUHP
0B3F=RSSTBLK
0B48=CALCSPLP
0B57=STSTPOK
0B5D=STSTPLP
0B6D=CLSWIND
0B85=CLSW1
0B8A=EDRSADN
0B95=EDRS1UP
0B9D=EDRSAUP
0B9F=EDRS
0BA2=EDRSF
0BBF=EDRSM1
0BE6=EDRSM0
0BFD=EDRSM0P
0C02=EDRSM0L1
0C0A=EDRSM0LP
0C1E=EDRSM0L2
0C24=EDRSM0DL
0C26=EDRSM0BL
0C49=CTAA
0C53=RSMOVSR
0C54=UPDNLP
0C66=EDRSSR
0C95=EDRS0
0C98=EDRS1
0CC8=EDRS2
0CCB=EDRS3
0CD0=CALCPIXD
0CD1=CALCPIX
0CDD=CLPXL
0CE7=NEXTUP
0CF7=NXTDOWN
0D04=NEXTDOWN
0D09=NXTDOWN1
0D13=LINESCAN
0D29=NONSENSE
0D2B=LOOPEL
0D2C=LOOPEL2
0D2F=LINERUN
0D47=SEARCH
0D51=EXCHAD2
0D6D=STMHOP
0D79=STMTLP
0D7A=STMTLP05
0D7D=STMTLP1
0D84=STMTLP2
0D87=STMTLP25
0D97=STMTLP3
0D9E=ON4ENT
0DD2=R1CMD
0DD4=NEXTSTAT
0DD7=NOBREAK
0DFF=OKERR
0E01=STMTNEXT
0E02=STMTNEXT1
0E04=STMTLPH
0E0F=NONSX
0E11=REMARK
0E12=LINEEND
0E17=OLNEND
0E1A=LNEND2
0E22=LINEUSE
0E2E=RLEPI
0E32=NONEWCLAPG
0E44=NEXTLINE
0E5B=STATLOST
0E5D=BRKCR
0E61=BRCERR
0E63=BRKSTOP
0E69=BRKTST
0E75=AULL
0E7A=MAINEADD
0E84=MAINEXEC
0E87=MAINX
0E8A=MAINELP
0EA1=MAINE1
0EB8=MAINE2
0EED=MAINER
0EFC=MAINER1
0F4A=MAINER2
0F60=STATLH
0F67=MAINER3
0F7B=ERRHAND1
0FA2=WTFK
0FB2=EHZ
0FC2=EH0
0FC5=EH15
0FD8=EH1
1004=PMV1
100A=PMV2
100D=EH2
101E=EH3
102F=ERRHAND2
1046=ERRHAND3
105A=ERRHAND4
1064=DFKNL
1069=REMOVEFP
1079=EVALLINO
1091=AELP
1094=STPGS
10A0=INSERTLN
10B7=INSLN2
10BB=INSLN3
10F2=SKIPCSTAT
10F8=SKIPSTATS
10F9=SKIPS0
10FD=SKIPS1
10FE=SKIPS15
1109=SKIPS2
1119=SKIPS4
111D=SKIPS5
1120=SKIPS6
1124=DATA
1129=DATA1
1132=PRHSH1
1135=PRHSH2
1140=STRMINFO
1143=STRMINF2
1147=STRMINF3
114E=STRMINF4
115A=INVSTRM
115C=SNOTOPER
115E=STREAMFE
1161=STREAMFD
1163=SETSTRM
1169=STSM2
1170=CHANFLAG
118A=STSMD
118E=TEMPS
11A5=TEMUS
11AC=COLEX
11B8=COLEX1
11C7=COLEXLP
11D2=GRATEMPS
11D6=GTEMPS
11F9=TEMPS1
1205=POKE
1226=POKE2
122C=POKE3
1232=POKENL
123D=POKE4
124E=PKALP
125A=POKE5
1262=DPOKE
126F=PDPSUBR
1279=PDPSR2
127B=PDPC
128B=PDPSUBR2
128D=PDPSUBR3
128E=PDPSUBR4
1295=CHKMD23
129B=INVMERR
129D=READ
12AD=READ2
12E9=READ3
12ED=READ4
12F5=READLN
12F9=READ5
12FE=RDSTRL
1303=READ6
1326=READ7
133C=RJUNKFLG
1345=SYNT9SR
135B=SYN9SR1
135C=CITEM
1366=CITEMSR
1370=COTEMP4
1381=PRCOITEM
1389=PERMS
1395=PER2
139E=PER3
13A4=LDIR8
13AA=LOOKVARS
13AB=LKVARS2
13C2=NUMLOOK
13D0=NVMOLP
13D1=NVMLP
13DC=NVSIEN
13EF=NVMTCHLP
13FA=NVSFND
13FF=NZST
1401=NVSPOV
1407=NVSINCP
140D=LKBSV
1420=STARYLK
1431=STARYLK2
143D=LKSTRLP
1457=STMTCHLP
145D=DCNMLN
146A=TLNOMTCH
146D=FLNOMTCH
1485=LKSI
1488=LKSTRPO
148D=NAMTOBUF
1498=NMTBL
14A9=NMTB2
14AB=NMTB3
14B2=INVVARNM
14B4=NAMEND
14CC=NMEN2
14DA=LVFLAGS
14E3=SCANNING
14ED=SCANSR
14F1=SCANPLP
14F3=SCANLP
14FF=SLETTER
1505=SLET1
1517=SLET2
1521=SLET3
1524=SLET4
152B=SLLKFV
1537=ABOVLETS
1558=SCANUMEN
1561=IMINKEYS
1573=IMMEDCODES
158C=IMMEDNUM
1594=STRCONT
1599=BELOWLETS
15A3=EVNONSE
15A5=IMBIN
15A7=SDECIMAL
15AD=LK0ELP
15C1=SCHADNUM
15C6=INSERT5B
15DB=SSLICER
15E9=NUMCONT
15F1=SCONT1
15F4=SCONT2
15F5=SLSTRLP
15F9=OPERATOR
160F=OPERAT2
1629=OPERAT3
162F=SLOOP
164A=EXECOP
1653=CHKEXECC
165E=PRIGRTR
167B=SCANPLPH
167E=SCANPH2
1681=OPPRIORT
1696=FNPRIORT
16A5=IMFNATAB
16D5=BELOWNUM
16E7=SDECIMALH
16EF=UNARPLU
16F3=UNARMIN
16F8=SBRACKET
1703=SQUOTE
170D=QUTSRLP
1726=STRCONTH
1729=SQUOTE2
172F=SQUCOPY
1735=SQUCO1
173B=SQUCO2
1741=SQUCO3
1755=CALC5BY
175D=NAMP
1765=NXBINDIG
1770=BINDIG
1778=DECIMAL
1788=DECINT
1795=CONVFRAC
179C=CONVFRALP
17A9=CONVFRAC2
17AE=EFORMAT
17BE=GEXSGN1
17BF=GEXSGN2
17D1=NTLERR
17D3=GEXSGN3
17DB=POFTENH
17DE=INTTOFP
17E5=INTTOFPLP
17F1=INTTOFP3
17F7=R0USRS
17FB=R0USR
17FE=USRCOM
17FF=CALLX
1813=IMMEMRYS
1825=IMHIMEM
182F=ASBHL
1836=IMMEM
183E=STKPGFORM
1841=STK19BIT
1850=IMMOUSEX
1859=IMMOUSEY
1861=IMPENX
186F=IMPENY
1877=FPIN
187A=FPIN2
187C=STACKAH
187F=FPSWOP13
1883=FPSWOP23
188A=SWOP12
188C=SWOPCOM1
188F=SWOPCOM2
1897=FPSWOP
1899=FPSWOPLP
18A7=IMPI
18AF=IMITEM
18C4=IMITEM2
18CC=IMITEMLP
18DC=IMITEM3
18E2=DO
18E7=DO2
18EF=DO3
18F1=BSTKE
1900=BSFERR
1902=BSTKOK
1912=SEDA
191C=LOOPIF
1926=EXITIF
1932=LOOP
1935=LOOP1
193F=LOOP2
1942=RLEPCOM
194A=RLEPC2
1952=ON
1970=ON2
1983=ON3
198B=ON4
1992=GOTO2
1997=GTERRHP
199A=GOTO3
199B=GOTO4
19A2=CONTINUE
19A5=CONTINUE2
19AD=CALBAS
19CD=RETURN
19DC=RWGERR
19DE=ENDPROC
19ED=ENDP1
19F9=ENDP2
19FD=WHUNT
1A0C=WHUNT2
1A1D=WHUNT3
1A1E=WHUNT4
1A20=RETLOOP
1A28=RETLOOP2
1A35=FNDLNHL
1A37=FNDLNBC
1A4D=FNDLINE
1A4F=FNDLP
1A55=FNDL0
1A5D=FNDL1
1A6C=FNDL2
1A7A=FNDL3
1A7F=SIF
1A82=SIFLP
1A97=IFL1
1AA4=EIFLP
1ACA=XCHDH
1ACD=MEIERR
1ACF=SHORTIF
1AE3=LELSE
1AEC=FELSLP
1B0B=DNS
1B0D=NLELS
1B11=RLELSE
1B19=ELSE
1B1F=ELSE2
1B23=TRUETST
1B32=ENDIF
1B33=FOR
1B51=FORSTEP
1B54=FOR2
1B92=FOR22
1B97=FOR25
1BB3=FORMLP
1BBC=FOR3
1BCF=NWFERR
1BD1=NEXT
1C08=NEXT1
1C1C=NEXTTEST
1C24=NEXTTST1
1C2D=NEXTSR
1C6F=NEXTSR1
1C73=ONERROR
1C84=ONERR2
1C9A=ONERR3
1C9E=NMISTOP
1CAB=GETKEY
1CB1=READKEY
1CB8=RKY2
1CBD=KBFLUSH
1CC3=KBF2
1CC9=KEYRD
1CD6=STACKHL
1CDA=STACKA
1CDD=STACKBC
1CDF=STACKCM
1CE2=STKSTOREX
1CE7=STKSTOREP
1CE9=STKST0
1CEB=STKSTOS
1CF0=STKSTORE
1D01=STKFETCH
1D0E=STSTKE
1D12=FDELETE
1D20=HLTOFPCS
1D2E=GETINT
1D33=GETBYTE
1D36=GETIBC
1D39=IOORERR
1D3B=FPTOBC
1D4B=FPBCINT
1D65=FPTOA
1D6F=FPTOA2
1D71=SETMIN
1D89=SETWORK
1D95=SETSTK
1D9C=SRCHPROG
1D9E=SEARCHALL
1DA3=SRCHALL2
1DA6=SRCHALL3
1DAC=FINCSTAT
1DAE=FINDERS
1DB1=FSKIP5
1DB2=FSKIP4
1DB6=FINDER
1DD6=FINDER4
1DDC=FOUNDY
1DE2=FOUNDX
1DE8=FINDN1
1DEB=FREMARK
1DED=FREMLP
1DF2=FINDER5
1E05=FQUOTE
1E0C=FINTERV
1E11=MKRMCH
1E18=MKRM1
1E1B=MAKEROOM
1E1C=MKRBIG
1E28=MKRM2
1E46=FNORECL
1E4A=NORECL
1E4F=RECLAIM1
1E52=RECLAIM2
1E53=RECL2BIG
1E74=RECL5
1E80=WKROOM
1E9C=ASSV
1EA1=PNLP
1EB5=PNT2
1EC3=PADJ
1ED6=PRECL
1EDA=PNT3
1EE5=NPSV
1EEE=AFLPS
1EF2=AFML
1EF3=AFLL
1F11=AFNF
1F14=AFLE
1F1B=ADDRDEST
1F1F=ADDRNV
1F23=ADDRNE
1F27=ADDRSAV
1F2B=ADDRWK
1F2F=ADDRKC
1F32=ADDRPROG
1F35=ADDRELN
1F38=ADDRDATA
1F3B=ADDRCHAD
1F3E=ADDRSV
1F40=ASV2
1F4E=NEXTONE
1F57=DIFFER
1F5F=LIMDB
1F62=LIMBYTE
1F71=ERRORE
1F79=SPLITBC
1F8C=GETROOM
1F91=GRM2
1F9D=PGOVERF
1FA4=PGOA
1FAD=PGOA2
1FB3=PGOA3
1FB6=ADDRELND
1FB9=DECPTR
1FBA=CHKPTR
1FC7=DECPT2
1FC9=PGOE
1FCC=ADDAHLBC
1FD4=SUBAHLBC
1FDE=ADDAHLCDE
1FE7=SUBAHLCDE
1FF0=PPFCOM
1FF2=PAGEFORM
2001=TWOCONV
2004=CDENORM
200E=RTNORMAL
2016=WENORMAL
2021=AHLNORM
202E=SETESP
2038=RDRLEN
203B=RDLLEN
203F=RDTHREE
2045=EDGE2
2047=EDGEC
204C=EDGSENS
204E=EWL
2051=EDGLP
206B=JCIRCLE
2071=CIRCLE
207D=CIRCLEFD
2083=JCIRC3
20A0=CIRCTK
20B1=DOCIRCLE
20C5=CIRC0
20CF=CIRC2
20DC=CIRCEX
20DF=CIRC3
20E2=CIRCP4
20E5=CIRC4
20E8=CIRCP5
20ED=CIRC6
20F0=CIRC5
20FA=CIPLOT
20FC=CIRCEXT
20FF=THCIRCSR
2114=JDRAWTO
211C=DRAW
2124=PASTTO
2138=DRNC2
213E=DRNOCU
2147=DRAWTOFD
2156=FDRNR
2157=JDRTO3
2163=ADJOK2
2173=ADJOK3
2176=THINADJ
2188=ADJOK4
218A=ADJOK5
2193=DRAWFD
2196=DRAWLINE
219E=JDRAW
21C4=DOXADD
21C9=CHKYCO
21CC=CHKYCO2
21DA=DOYADD
21DC=OSERRHP
21DF=FINCHK
21E2=FINCHK2
21E6=RUNOFF
21EA=DRMSUBC
21F2=DRMSUB
21F9=NDHDIAG
2204=XGRTR
220A=DRPREL
2211=NDHFLAT
2219=DRLOOP
221F=TWOMOVE
2225=ONEMOVE
222A=PRLABEL
222F=PLOTCHK
223C=DRAWEND
2248=OSERROR
224A=THINDRAW
2253=DUBT
2272=EASYTHIN
2279=THINDR2
228E=TPINC
2299=TPNCHNG
22A4=JPLOT
22AC=PLOT
22B2=PLOTFD
22BD=JPLOT3
22D3=THINPLOT
22DC=TDPLOT
22E3=M2CTPLOT
22F9=P80RLP
230B=M2TPIN0
2315=M2TPOV1
231B=M2TPC
231E=M0DPLOT
2329=M1DPLOT
232F=M01DPCOM
2332=DPM2FLP
233F=DYOVER1
2344=DRPLEND
2348=DRPLEND2
234D=M3DPOV0
235F=M3DPOV0OD
2369=M3DPOV1
237A=M3DPOV1OD
2380=M3DPNUL
2382=M3DPOV2
2393=M3DPOV2OD
239B=M3DPOV3
23AC=M3DPOV3OD
23B4=SETIY
23D2=STIY1
23EA=STIY3
23EE=STIY4
23F6=STIY5
2405=STIY6
240F=FDMAINLP
2424=FDNTCIR
243B=FDPOS
2447=FDNTRAD
244E=FDPLOT
2455=FDATTRS
2461=FDPAU
2469=FDCLS
2471=FDINK
247F=FDOVER
2484=FD1PARAM
2488=DRCL
249B=MNLP4B
249D=MAINLPH
24A8=FDLNTST
24B2=BLITZ
24B8=JBLITZ
24CD=FDINVERR
24CF=JFILL
24DA=FILL
24E5=PASTUSNG
24FA=FCKE
24FE=FSCY
2518=FILLX4
251C=JFILL2
252F=DEFPAT
253B=DEFPAT1
253F=SOLIDEN
255F=FILLMN
2563=UNSTK
2580=FRTMASK
2588=FINDEDG
2598=FOUNDEDG
2599=FOUNDEDG1
259E=NBACK
25AD=FILLFLGS
25BD=FILLB
25C5=FILLC
25E5=FILLM2
2604=FILLM2M
2605=FILLOEC
2620=FILLE
2625=FILLF
2636=FILLG
263B=FILBH
263E=MVRGT
2653=MVRGT1
2655=MVRGT2
2660=MVRGT3
2662=MVRGT4
2688=FILLM3B
2695=FILLBC
26A4=MVRGT5
26A8=TRANSCR
26C6=TRAM2RLP
26CC=TRANSL1
26D5=TRANSODD
26E0=CHARCOMP2
26F8=TRAM2DLP
26F9=TRAM2CLP
26FB=TRAM2OLP
26FF=TRAM2ILP
2722=TRANSM3
2725=TRANSDLP
2726=TRANSCLP
2728=TRANSBLP
2747=CHARCOMP
2756=CHCM2
2760=CHCM3
2762=CHCM4
2765=GRCOMP
276C=CHARCLP
2781=CHARCNINC
2789=GTFIDFCDS
2793=GTFCOORDS
2796=USCOORDS
27AB=THCKCHK
27B0=USYCOORD
27BD=IOORERR1
27BF=ADJNEG
27C2=ADJOK1
27CC=TWONUMS
27D7=POSBYTE
27E3=POSINT
27F1=THINNUMS
27F8=DRCOORDFD
27FB=COORDFID
2805=RGFIDEN
281F=DOXRG
282A=GXRANGE
2832=PSEUDOSR
2852=APPLYRG
285A=CHECKPS
2866=GRAREC
2884=GRAR4
288C=GRAR5
2894=GRAR6
2898=GRAR62
28A0=GRAR65
28A1=GRAR66
28B5=GRAR7
28D0=GRAB
28DD=GNONSH
2910=JGRAB
2937=GPTRUNC
2941=GPTRUNC2
2947=GPVARS
295B=PUT
2972=PUTL1
2976=PUTLC
2999=PUTL2
29A6=PUT05
29AB=JPUT
29B0=PUT06
29D4=PUTSCLP
29DA=PUTRET
29E8=PUTSRTAB
29F2=OVER1LP
29FC=OVER2LP
2A06=OVER3LP
2A10=NOINVER
2A1A=PMASKLP
2A29=PUTBLKERR
2A2B=PSCHKMHL
2A3C=SCRMOV
2A4E=FARLDDR
2A55=FLD3
2A5C=FLD4
2A5E=FARLDIR
2A63=SFLDIR
2A68=FARLDIR2
2A76=FARLDILP
2A81=FLDIE
2A8B=STRMOV
2A8E=STRMOV1
2A98=STRMOVL
2AA1=STRMOV2
2AB6=DLDIR
2ABD=STRM32
2ADE=STRM34
2AE5=STRM38
2AEA=STRMOV4
2AFA=VALFET1
2AFD=VALFET2
2B0F=ASSIGN
2B15=CGXRG
2B28=CRTVAR35
2B2B=CRTVAR4
2B37=ASSISR
2B48=ASENV
2B4B=LDI5
2B51=ASNN
2B63=ANSPL
2B68=ANSP
2B7B=ABSP
2B9A=ANOK
2BB8=ASNCL
2BBB=NELOAD
2BCD=ASSTR
2BEE=AES1
2C0F=ASPSL
2C1A=RECORD
2C24=RECORD2
2C34=RCNONS
2C36=RECORD3
2C49=ASDEL
2C58=ASDL1
2C5B=ASDEL2
2C5E=ASDEL3
2C6C=ADD14
2C7B=ASNST
2C92=ASNS0
2C9B=ASNS1
2CAE=ASNS2
2CCD=ASNS3
2CD3=SYNTAX4
2CE1=SYN42
2CF3=SYNT41
2CF6=SSYNTAX1
2CF7=SYNTAX1
2CFA=SYN14C
2CFB=SYN1PP
2D08=VNFERR
2D0A=TSYNT12
2D15=TSYNT13
2D25=TSYNT14
2D26=TSYNT15
2D2A=TSYN16
2D40=SCOPNM
2D43=SCOPN1
2D4C=SCOPN2
2D53=STKVAR
2D54=STKVAR2
2D5E=SVDSL
2D5F=SVDSK
2D66=SVIBH
2D69=SVSSL
2D6F=SVSSLP
2D84=SVSL2
2D8D=SVSL3
2D8E=SLPXHP
2D91=SVRUNT
2DA0=SVSIMPLE
2DAB=SVSS2
2DBD=SVARRAYS
2DCE=SVCKS
2DD5=SVCDIS
2DE1=SVLOOP
2DF6=SWERHP
2E0F=SVEXLP
2E31=SWER2
2E33=SVDIM
2E38=SLCL
2E39=SLCL2
2E3E=SLLPEX
2E44=SVNUMER
2E53=SVSR
2E66=SVSR2
2E69=SLICING
2E8D=NONSH
2E93=SLSEC
2EA6=SLSE2
2EAD=SLDEF
2EBC=SLND
2EBE=SLNUL
2ECB=SLDF2
2ECD=SLSTORE
2EDB=DIM
2EF6=DIM2
2EFC=DIMRUN
2F0E=DIM4
2F12=DIMSZLP
2F57=DIMENTLP
2F71=DIMNAC
2F7B=GARC
2F7E=DIMCLP
2F8E=SAROOM
2FA0=GETSUBS
2FA8=GTSBC
2FB4=SWSIG
2FB9=ELCOMAL
2FBF=COMALL
2FC2=COMDP
2FC5=CMDPL
2FD2=COMDF
2FE1=DFPPL
3007=TMDERR
3009=CMDF2
300C=CMDFL
3019=COMLEN
302D=PRGLEN
3039=CPLENC
304C=LKCALL
305F=LPC2
3063=LPC3
3077=FDFLP
308D=LPC4
309E=LPC5
30AA=LOOKDF
30B1=LKDFLP
30CC=LOOKDP
30D4=LKDPLP
30EF=LKDP3
30F1=LKDP35
30F8=LKDP4
3107=MATCHERF
310A=MATCHFN
3113=MATCHER
3118=MSKIP
3119=MTCCM
312B=IMFN
3134=FNRL
3154=FNBF
3155=FNBF2
3164=PARAMERR
3166=MDFERR
3168=FNBC
3175=FNRLA
3192=FNR3
3194=FNR4
319B=FNR5
31B8=FNRLE
31C1=FNR6
31FA=FNTYP
31FF=FNSYN
3215=FNARL
3222=FNSY4
3223=FNSY5
3227=FNNAME
322A=DFNLP
3236=FNN2
3238=LOCAL
326C=DEFPROC
3279=DPROC2
327D=DPNMLP
328E=DPSY1
3294=DPSY2
3298=DPSY3
32A9=VARNAME
32B2=VNMLP
32BE=VNM2
32C7=VARAR
32DB=PROCS
32E8=PRRL
330E=PRPNM
332C=DPRA
3332=MDPERR
3334=PROCSY
3344=PCSYL
3353=MKCLBF
3364=MAKESIX
336E=LKFNVAR
337D=LKFV0
3388=LKFV1
3396=LKFV2
33A6=LKFVF
33A9=LKFVM
33BC=FORESP
33BD=FORESP1
33C3=SCOMP
33C9=GT4R
33D0=GT4P
33DB=DOCOMP
33DE=COMPILE
33FB=DOLBLP
341D=LABSD
3424=COMPILEL
343B=LKFCLP
343C=LKFC
344A=LKFC2
3451=LKFCSK
3461=LKFC4
3464=LKFC5
3468=PROPAR
3473=PROP2
348F=RESTORE
3495=RESTORE2
349B=RESTORE3
34A2=RESTOREZ
34A7=PPLOOP
34AD=PPML
34C5=PPNREF
34E5=PPNLP
34FA=PPA15
34FC=PPA2
3505=UNVLK
3519=UNVLP
353D=PPA25
3551=PPA3
3554=PPA4
357D=PPRNE
359D=PPA5
35A0=PPD1H
35A2=PPAS
35B4=PAS2
35D5=REFSTR
35FA=PAS3
360A=PPD0
361C=PPD1
3620=PPD2
362B=PPD3
3633=PPD35
363B=PPD4
3643=PPMIL
3657=PPM3
3659=PPM2
365D=RNMLP
368C=RNMF
3690=PARERR
3692=NEGVTR
3698=FDPNL
36A4=FDPN2
36AA=FDPN3
36B4=FDPN4
36B9=FDPN5
36BC=FDPBL
36C4=FDPN6
36CF=RUAHL
36E9=BSSET
36ED=PPSUB
3704=ILDISR
370A=DELOCAL
3737=DLOC2
3755=DLOC3
375E=DLOCS
3790=DLCS2
379A=DLCS3
37A1=DLOCL
37B1=DELCLH
37B4=PTTODP
37BC=PTTOPR
37C2=PTTOC
37CE=ERROR2
37FA=NODOS
37FC=NORMERR
380B=PTDOS
382D=DOSHK
3830=DOSC
3846=DOSNC
3856=DHLJ
3857=MEPROG
385B=INPUT
385F=RENUM
3867=KEYIN
3872=TOKMAIN
3875=TOKDE
3881=GET
3885=DELETE
3889=POP
388D=DEFKEY
3891=DEFFN
3897=BUFMV
389A=BUFMV2
38A8=DEFAULT
38AB=LET
38B0=LETLP
38D2=LET2
38DA=LET3
38DD=LET4
38E3=LABEL
38EA=SVNUMV
38EB=VNUMV
38F6=RUN
3901=CLEAR
390F=CLR1
3916=CLR3
3956=RTERR
3958=CLR4
396B=CLRSR
3981=CLNVP
39B0=SETSAV
39B6=SETNE
39BA=SETSYS
39D4=CLSND
39D6=CSRL
39E3=PSVTAB
39E9=PSVT2
39FD=S16OSR
3A28=STLERR
3A2A=S16OK
3A43=MBC
3A4F=SSYNTAX3
3A50=SYNTAX3
3A57=SSYNTAX6
3A58=SYNTAX6
3A5E=SSYNTAX8
3A5F=SYNTAX8
3A65=SSYNTAXA
3A66=SYNTAXA
3A6C=COMMASC
3A72=COCRCOTO
3A75=COMCRCO
3A79=RCRC
3A7A=CRCOLON
3A80=RICSC
3A81=INSISCSC
3A85=INSISCOMA
3A89=INSCOMN
3A8B=SINSISOBRK
3A8C=INSISOBRK
3A92=EX1NUMCB
3A95=INSISCBRK
3A9B=EXPTCSTR
3AA0=SEXPTSTR
3AA1=EXPTSTR
3AA7=SYNONS
3AA9=EXPTCSTRB
3AAE=EXB2NUMB
3AB6=EXBSCNB
3AC0=SEX1NUMCB
3AC3=EXCBRF
3AC6=RUNFLG
3ACB=EXBNCSB
3AD3=SEXPT4NUMS
3AD4=EXPT4NUMS
3ADB=SEXPT2NUMS
3ADC=EXPT2NUMS
3ADF=EXPTCNUM
3AE3=SEXPT1NUM
3AE4=EXPT1NUM
3AEC=GETALPH
3AF2=SYNTAX9
3AF7=FETCHNUM
3AFC=CONDSTK0
3B07=SEXPTEXPR
3B08=EXPTEXPR
3B10=CHKENDCP
3B14=SABORTER
3B15=CHKEND
3B1E=ALPHA
3B2C=ALPHANUM
3B30=NUMERIC
3B37=ALDU
3B41=ALNUMUND
3B45=CKUND
3B4B=BRKLSSL
3B70=BRL1
3B76=BRL2
3B88=BRL3
3B8D=GIR
3B8E=GIR2
3B9B=DISPLAY
3BA1=SETDISP
3BAC=ISCRERR
3BAE=DEFDISP
3BB1=VIDSEL
3BBE=SDISR
3BD2=SDIS2
3BDA=PRSVARS
3BDD=RSVARS
3BDF=SSVARS
3BE9=SSVRC
3BFE=R0INST
3C05=LOOKLP
3C0F=CHKNXTC
3C26=FOUND
3C31=NOTFND0
3C33=NOTFND2
3C34=NOTFND3
3C39=EPSUB
3C42=POPOUT
3C45=PPORT
3C49=R1OSR
3C57=GTRLNN
3C67=CWKSTK
3C7B=EPSSR
3C87=HPL2
3C96=M0PRINT
3C9B=M0PRLP
3CAD=M0PRNT2
3CB5=M1PRINT
3CB9=M1PRLP
3CC7=M1PRNC
3CD7=M1PRATTR
3CDC=M2PRINT
3CEA=P64AL
3CF9=PR80COL
3D00=PR80EVEN
3D01=M2PREVLP
3D23=M2PRNCE
3D27=PR80ODD
3D2B=M2PRODLP
3D4D=M2PRNCO
3D51=M3PRINT
3D59=M3PRLP
3D85=M3PRNC
3D89=POFETCH
3D9F=POF2
3DA3=POF3
3DA7=CCRESTOP
3DAD=POSTFF
3DB0=UTMSG
3DB4=POMSG
3DB7=ANYDEADDR
3DC3=M3DEADDR
3DD0=M1DEADDR
3DE4=M0DEADDR
3DF5=M2DEADDR
3E07=M2DEADDR2
3E12=CLCPO
3E21=ANYPIXAD
3E2D=NTTHINPIX
3E3B=M0PIXAD
3E58=M1PIXAD
3E63=M1PIXAD2
3E6C=POATTR01
3E73=POATTR0
3E77=SETATTR
3E8F=POATTR1
3E9B=POATTR2
3E9D=STRCOMP
3EB3=STRCOMP2
3EC5=SCOMPLP
3ED2=SCOMPBG
3EDA=SCOMPEX
3EDB=SCOMPC
3EE4=SBUFFET
3EE8=INVARG
3EEA=SBFSR
3EEC=SBFSR2
3F07=UNSTKPRT
3F12=IDERR
3F14=TSTRMBIG
3F1C=TSTRMABC
3F1E=TSTRMAHL
3F24=TESTROOM
3F47=TRM2
3F4B=OOMERR
3F4D=SCOPYWK
3F54=SCOPYWK2
3F73=LENGSR
3F8C=UNSTLEN
3F9F=NPDPS
3FA8=SPSSR
3FB1=SPSS
3FB6=SELSCRN
3FBB=SREAD
3FBF=RCURPR
3FC6=TRCURP
3FC7=RCUR2
3FCE=SETCHADP
3FD1=R1OCHP
3FD7=SELCHADP
3FDC=GETSTRING
3FDF=TSURPG
3FEB=INCURPDE
3FEF=CHKHL
3FF2=INCURPAGE
3FF4=INCURCOM
3FF9=DECURPAGE
; BASIC System Variables
4000=HPEND
4AFF=BSTACK
4B00=KEYP2
4B44=KI2
4B47=KI3
4B4E=KEYFIN
4B50=HDL
4C00=INTSTK
4D00=FPSB
4D80=TOKPT2
4D82=TOKRST
4D85=LOOKNA
4D8D=LKNONALP
4D98=TOKQUEN
4D9C=TOKMLP
4DB8=QUOTELP
4DC1=FNTS
4DC6=POSFIRST
4DE6=YGOTM
4DF8=TOK42
4E00=TOK43
4E08=TOK5
4E09=TOK55
4E12=TOK6
4E20=TOKFIN
4F00=ISPVAL
4F06=POP1
4F15=POP2
4F17=DL2
4F18=DFNPL
4F1C=GT2
4F1F=DFK4
4F22=DFN3
4F25=GT3
4F26=INPSL
4F28=MAKETABLE
4F2A=GT4
4F2F=DL4
4F31=POP4
4F33=DFN4
4F34=DFN5
4F35=IP2CR
4F39=POP5
4F3A=MKTBLP
4F3D=IPITEM
4F40=DFN6
4F42=DFNNS
4F48=MSTAR
4F49=INP2
4F51=DFK55
4F5A=DFK6
4F5D=INP4
4F5F=DELFIN
4F66=NRFLERR
4F68=RENUM3
4F6B=INP5
4F80=DKFIN
4F82=REN3
4F88=INP6
4F95=INP7
4F9D=MBASLNS
4FA0=MPRG1
4FA3=CHGLL
4FAF=INPERR
4FBC=REN5
4FC0=INP8
4FCD=FAILED
4FD0=NBLKL
4FD5=INP9
4FD6=CHGREF
4FDA=RENCL
4FDC=MNUMS
4FDE=MNUML
4FEC=RLOOP
4FF2=MNUMSR
4FF3=MNSRL
4FFF=INPBL
500C=INPC
5011=CHGRY
5012=CHGR1
5014=MNSR2
5017=CHGR2
501E=CHGR3
5026=MEEND
5027=CHGR4
5029=CHGR5
502E=INPAS
5030=CHGR6
5045=INPA2
5050=INPFIN
5062=ADJLINE
5080=FILBUFF
5088=ADJL2
508D=ADJL3
508F=ADLNO
509B=CHGR7
50AB=RENTAB
50B5=REVAL
50C0=MSGBUFF
50C5=TRANSHL
50D2=TRANSFORM
50E2=TRANS2
50E8=TRANS3
50F0=TRANS4
50F6=TRANS5
50FD=TRANSF
5100=ALLOCT
5121=MEMVAL
513F=TLBYTE
5140=FIRLET
5188=SCRNBUF
5190=CHARSVAL
55D8=PALTAB
5600=LINICOLS
5800=DKBU
58E0=KTAB
5A00=VAR2
5A01=KURCHAR
5A03=BIN1DIG
5A04=BIN0DIG
5A05=INSTHASH
5A06=PSLD
5A08=SPEEDINK
5A09=LINIPTR
5A0B=XCMDP
5A0E=PRRHS
5A0F=AFTERCR
5A10=LPTPRT1
5A2F=TABVAR
5A30=M23LSC
5A32=SOFE
5A33=TPROMPTS
5A34=BGFLG
5A35=FL6OR8
5A36=CSIZE
5A38=UWRHS
5A39=UWLHS
5A3A=UWTOP
5A3B=UWBOT
5A3C=LWRHS
5A3D=LWLHS
5A3E=LWTOP
5A3F=LWBOT
5A40=MODE
5A41=YCOORD
5A42=RLINE
5A44=THFATP
5A45=ATTRP
5A46=MASKP
5A47=PFLAGP
5A48=M23PAPP
5A49=M23INKP
5A4A=OVERP
5A4B=INVERP
5A4C=GOVERP
5A4D=THFATT
5A4E=ATTRT
5A4F=MASKT
5A50=PFLAGT
5A51=M23PAPT
5A52=M23INKT
5A53=OVERT
5A54=INVERT
5A55=GOVERT
5A56=WINDRHS
5A57=WINDLHS
5A58=WINDTOP
5A59=WINDBOT
5A5A=WINDMAX
5A5C=ORGOFF
5A5D=LSOFF
5A6C=SPOSNU
5A6E=SPOSNL
5A70=PRPOSN
5A72=OPCHAR
5A73=DEVICE
5A74=CLET
5A75=IFTYPE
5A76=REFFLG
5A77=CURDISP
5A78=CUSCRNP
5A79=CURP
5A7A=CLRP
5A7B=CSA
5A7D=FIRST
5A7F=LAST
5A81=SAVARSP
5A82=SAVARS
5A84=NUMENDP
5A85=NUMEND
5A87=NVARSP
5A88=NVARS
5A8A=DATADDP
5A8B=DATADD
5A8D=WKENDP
5A8E=WKEND
5A90=WORKSPP
5A91=WORKSP
5A93=ELINEP
5A94=ELINE
5A96=CHADP
5A97=CHAD
5A99=KCURP
5A9A=KCUR
5A9C=NXTLINEP
5A9D=NXTLINE
5A9F=PROGP
5AA0=PROG
5AA2=XPTRP
5AA3=XPTR
5AA5=DESTP
5AA6=DEST
5AA8=PRPTRP
5AA9=PRPTR
5AAB=DPPTRP
5AAC=DPPTR
5AAE=CLAPG
5AAF=CLA
5AB1=DFTFB
5AB2=STRNO
5AB3=LDCO
5AB5=OPSTORE
5AB7=DMPFG
5AB8=LISTFLG
5AB9=LSTFT
5ABA=INQUFG
5ABB=SPROMPT
5ABC=OLDSPCS
5ABD=INDOPFG
5ABE=NXTSPCS
5ABF=CURSPCS
5AC0=NXTHSPCS
5AC1=CURTHSPCS
5AC2=KPOS
5AC4=SOFFCT
5AC5=SOFLG
5AC6=SPEEDIC
5AC7=PALFLAG
5AC8=TEMPW1
5ACA=TEMPW2
5ACC=TEMPW3
5ACE=TEMPB1
5ACF=TEMPB2
5AD0=TEMPB3
5AD1=LASTSTAT
5AD2=SPSTORE
5AD5=JVSP
5AD7=NMISP
5AD9=NMILRP
5ADA=VECTBS
5ADC=SETIYV
5ADE=PRTOKV
5AE0=NMIV
5AE2=FRAMIV
5AE4=LINIV
5AE6=COMSV
5AE8=MIPV
5AEA=MOPV
5AEC=EDITV
5AEE=RST8V
5AF0=RST28V
5AF2=RST30V
5AF4=CMDV
5AF6=EVALUV
5AF8=LPRTV
5AFA=MTOKV
5AFC=MOUSV
5AFE=KURV
5B00=CEXTAB
5B20=EXTAB
5B40=COMPFLG
5B41=BREAKDI
5B42=ERRSTAT
5B43=ERRLN
5B45=ONERRFLG
5B46=ONSTORE
5B47=BCSTORE
5B49=M3PAPP
5B4B=M3LSC
5B4D=TEMPW4
5B4F=TEMPW5
5B52=LPT
5B70=ANYIV
5B72=RNSTKE
5B74=CURCMD
5B75=LTDFF
5B76=STRM16NM
5B81=GRARF
5B82=DHADJ
5B83=PAGCOUNT
5B84=MODCOUNT
5B86=BCREG
5B88=AUTOFLG
5B89=AUTOSTEP
5B8B=LSPTR
5B8D=LNPTR
5B8E=MSEDP
5B8F=BUTSTAT
5B96=MXCRD
5B98=MYCRD
5B9A=FRACLIM
5B9B=NPRPOS
5B9D=DIGITS
5B9E=EPOWER
5B9F=DECPNTED
5BA0=PRNBUFF
5BB0=BCDBUFF
5BB5=OTHER
5BB6=DCT
5BB7=SLDEV
5BB9=OVERF
5BBA=INSLV
5BBC=STRLOCN
5BBE=TVDATA
5BC0=DOSER
5BC2=DOSFLG
5BC3=DOSCNT
5BC4=BSTKEND
5BC6=BASSTK
5BC8=HEAPEND
5BCA=HPST
5BCC=FPSBOT
5BCE=DKDEF
5BD0=DKLIM
5BD2=PATOUT
5BD4=ERRMSGS
5BD6=UMSGS
5BD8=KBTAB
5BDA=CMDADDRT
5BDC=MNOP
5BDE=MNIP
5BE0=PAGER
5BEE=KBUFF
5C00=LHM1
5C02=KDATA
5C03=LKPB
5C05=REPCT
5C06=LASTKV
5C08=LASTK
5C09=REPDEL
5C0A=REPPER
5C10=STREAMS
5C36=CHARS
5C38=RASP
5C39=PIP
5C3A=ERRNR
5C3B=FLAGS
5C3C=TVFLAG
5C3D=ERRSP
5C3F=LISTSP
5C42=NEWPPC
5C44=NSPPC
5C45=PPC
5C47=SUBPPC
5C48=BORDCR
5C49=EPPC
5C4B=BORDCOL
5C4F=CHANS
5C51=CURCHL
5C53=DEFADDP
5C54=DEFADD
5C56=NLASTH
5C61=ZIPLIB
5C63=ZIPTEMP
5C65=STKEND
5C67=KPFLG
5C68=MEM
5C6A=FLAGS2
5C6C=SDTOP
5C6E=OLDPPC
5C70=OSPPC
5C71=FLAGX
5C72=STRLEN
5C76=SEED
5C78=FRAMES
5C7B=UDG
5C7D=HUDG
5C7F=FRAMES34
5C82=OLDPOS
5C8C=SCRCT
5C8D=KBQB
5C95=KBQP
5C9D=SCPTR
5C9F=FISCRNP
5CA0=SCLIST
5CB0=LASTPAGE
5CB1=RAMTOPP
5CB2=RAMTOP
5CB4=PRAMTP
8000=SBO
; ROM 1
C6FB=FPATAB
C7B7=FPCMAIN
C7BB=FPCLP
C7C8=BREGEN
C7F0=FPCBIN
C7F5=FPCUNA
C805=FPUSEB
C80A=FPSTOD
C80C=FPSTO
C816=FPRCL
C81C=LOCMEM1
C81F=LOCMEM2
C82A=FPCONST
C834=FPCTAB
C849=FPEXIT
C84B=FPEXIT2
C853=FPDUP
C858=FPDROP
C859=FPLDBREG
C85F=FPDECB
C863=FPLDDCC
C868=FPJUMP
C872=FPJPFL
C877=FPJPTR
C87C=FPJPTF
C87E=FPPSKIP
C881=FPSOMELIT
C887=FP5LIT
C889=FIVLTLP
C893=FPLKADDRB
C898=FPLKADDRW
C89E=LKADDRSR
C8AE=FPSTKBR
C8B4=FP1LIT
C8BB=FPGRTE0
C8C1=FPGRTR0
C8D4=FPNOT
C8D8=ZTRUE
C8DC=FPLESE0
C8E2=FPLESS0
C8E6=CYTRUE
C8E8=SETTRUE
C8EB=SETFALSE
C8EF=STACKC
C8FC=FPAND
C902=FPOR
C908=FPSAND
C913=FPSEQUAL
C918=FPSLESS
C91D=FPSGRTR
C924=FPSLESE
C92B=FPSGRTE
C92E=NCTRUE
C931=FPSNOTE
C934=NZTRUE
C938=FPNEQUAL
C93C=FPNLESS
C940=FPNGRTR
C944=FPNLESE
C948=FPNGRTE
C94C=FPNNOTE
C951=TSTZERO
C952=TSTZERO2
C95D=FPMOD
C969=FPIDIV
C96D=FPBOR
C976=FPBAND
C97D=BSTKBCH
C981=GETHLBC
C98A=FPSIN
C9AE=SINELP
C9B5=FPCOS
C9BA=FPTAN
C9C1=FPREDARG
C9DB=REDARG2
C9E2=REDARG3
C9E3=FPEXP
C9EE=FPPOWR2
CA1D=EXPLP
CA2C=SETFALSH
CA2F=FPEXP2
CA33=FPEXP3
CA49=FPPOWER
CA5D=ZPOWER
CA60=IPOWER
CA6B=FPLOGN
CA94=LOGN3
CAEA=FPARCTAN
CAFD=ARCTAN2
CB45=SERIES
CB4E=SERILP
CB5F=FPARCSIN
CB6E=FPARCCOS
CB74=QMULT
CB7E=QMULT2
CB84=QHLLP2
CB8D=NOQADN
CB91=SHORTMUL
CB92=QHLLOOP
CB9B=NOQADDIN
CB9D=QOVERFL
CB9F=FPMULT
CBBC=STORADE
CBC3=STICZ
CBC8=STOREI
CBD7=STORPI
CBDC=FETCHI
CBE5=NEGDE
CBE6=CPLDE
CBEE=NEGDEDE
CBF6=QMOVERF
CBF7=FPMULT2
CC05=FPQM1
CC0F=FPQMDC
CC1F=FPQMULP
CC29=MSETZERO
CC2A=MSETZ2
CC2D=FPMULT3
CC3B=FPMULCLP
CC4B=FPMULBLP
CC53=FPMULT25
CC61=NXMBYTE
CC75=DIVISE
CC85=MULNORM
CC87=FPADDNEN
CC9E=RNDDONE
CC9F=FPSUBNEN
CCB5=LDMRSLT
CCC2=FPDIVN
CCCD=FPQD1
CCDB=FPDIVN2
CCEC=FPDIV3
CCF5=FPDIVLP
CD03=FPDIVE
CD0F=FPDIV4
CD37=FPSUBN
CD3E=FPADDN
CD6C=MIN0OK
CD74=ADDNOVERF
CD76=FPADDN2
CD8D=FPADD2
CD96=FPADD3
CDB0=FPADD4
CDB7=FPSUBN2
CDC8=FPSUBN3
CDDE=FPSUBNLP
CDE4=FPSUBN4
CDEF=ADDALIGN
CDF6=ADDALILP
CE0B=MUDIADSR
CE39=DFPFORM
CE3D=FPFORMX
CE3E=FPFORM
CE52=FPFORM2
CE6A=FPFORMLP
CE6B=FPFORM3
CE80=FPFORM4
CE84=FPVAL
CE85=FPVALS
CEC3=FPVAL2
CEC6=FPVALOK
CEDE=SETUPDE
CEE3=VALNONS
CEE5=FPDVAR
CEE8=FPEOF
CEEB=FPPTR
CEEF=IMPATHS
CEF4=SUDH
CEF6=IMRND
CF11=IMRND1
CF20=IMRND4
CF2E=IMATTR
CF4B=DOATT2
CF56=DOATT3
CF5D=IMPOINT
CF91=DPOINTC
CF92=POINLP
CF97=M3POINT
CF9E=M3ODPT
CF9F=POATC
CFA4=GETCP
CFB6=OSERR
CFB8=FPINKEY
CFCE=FPINKEN
CFD4=FPBUTTON
CFE1=FPBT2
CFE9=STKAB
CFEC=FPSVAR
CFF2=FPCHRS
CFF6=CHRINKC
CFF9=INKYEN
D002=FPBINS
D00E=BINS2
D012=BINSLP
D01F=BINS4
D022=BCWKHP
D025=FPHEXS
D043=HEX4DIG
D046=HEX2DIG
D051=HEXPUTLP
D058=HEXASCSR
D062=HEXSRLP
D06F=MEMRYSP2
D08D=FPCONCAT
D0C5=AMPERSAND
D0C9=AMPDILP
D0E2=AMPVALID
D0E5=AMPERLP
D0F1=AMPEND
D0F9=AMPALLP
D101=AMPFP
D10C=FPUSRS
D111=FPUSR
D116=FPPEEK
D11D=FPDPEEK
D129=FPPDPC
D12F=OSBC
D131=STACKBCH
D134=FPTRUSTR
D13C=TRUNCSLP
D145=FPSTRS
D148=FPSTRS2
D14C=FPCODE
D15A=FPCODE2
D15D=FPLEN
D162=FPSQR
D177=SQURLP
D182=FPABS
D18C=FPABS2
D18F=FPNEGAT
D19D=NEGABSC
D1AB=FPNEGAT2
D1B0=FPSGN
D1C2=FPINT
D1D4=FPINTP
D1D6=FPTRUNCT
D1F3=TRUNCI2
D1FE=TRUNCI3
D201=TRUNCI4
D207=TRUNCI5
D20A=TRUNCLG
D210=TRUNC0
D212=NILBYTES
D215=NILBYLP
D217=NILBYT2
D220=NILBMASK
D225=NILBYEND
D228=FPUDG
D22C=IAHOP
D24B=FPUDG3
D256=JSCRN
D25B=SCREEN
D261=JSCR2
D27F=SCRNTLK1
D282=SCRNTLK2
D286=ISCEH
D293=CLSCRN
D2A8=CLOS1
D2B9=CLNCH
D2C0=CLTO
D2CD=OMH
D2D1=CLPL1
D2D5=SETLPG
D2DB=JCLSCR
D2E0=CLSC0
D2E6=JCS2
D2F9=CNCS
D303=OPSCRN
D321=SAOERR
D323=OPEN1
D334=OPCL
D33B=INVCHP
D33F=OPEN2
D340=OLT4
D346=CLTAB
D350=OPNCH
D36C=TOPO
D372=NOTP
D378=OPL1
D384=OPL4
D38A=JOPSCR
D390=OPSCR0
D39D=JOPS2
D3A1=OPSCR4
D3A5=OPSCRLP
D3EB=SDISRC
D3F2=SPGLOOK
D3F7=SPGLKLP
D400=OCPSR
D40A=OCL1
D412=CHLTCHK
D42D=INTS
D445=COMINT
D44A=MIPINT
D44F=CMMDIC
D457=FRAMINT
D473=FRMI3
D48A=FISCL
D494=FRMI4
D498=FRMI5
D4B4=INTS2
D4C3=INTS3
D4D2=MSDML
D4DA=INTS4
D4DD=INTS5
D4E2=LINEINT
D4E5=LNINSCAN
D4EF=LNWAITLP
D4F4=LINILP
D50A=INTEND
D510=KEYRD2
D533=KINTER
D54B=KBCR
D563=KBXL
D575=KBDI
D578=KBRK
D58F=LDLH
D59A=KYVL
D5A6=KYVLP
D5AA=KINT4
D5B8=TWOKSC
D5BC=KEYSCAN
D5C5=KBSL
D5DB=KBEL
D5F2=KBCL
D5FF=KBDL
D60C=KBAKL
D615=KBYK
D618=KBBL
D63C=KBSH
D658=KBLD
D65D=GOSUB
D661=GOTO
D664=GSUBTOC
D671=GOTON
D67E=GOTONSL
D686=GOTON2
D68D=GOTONRL
D69E=GOSUB2
D6B0=GETTOKEN
D6B2=GTTOK1
D6B3=GTTOK2
D6C2=GTTOK3
D6CE=GTTOK4
D6DB=GTTOK5
D6DE=GTTOK6
D6EB=MODPT2
D712=MDL2
D739=M2ST
D75C=M2ST2
D767=ECLS
D76C=MDSR
D778=MDSL
D79A=MDSR3
D7B5=FATPIX
D7CB=SETFP
D7D6=FPX2
D7E8=PXIOOR
D7EA=WIDTH
D7FC=CSZ2
D81A=SUET
D821=QUADTCLP
D830=DBTABCLP
D83D=QUADBITS
D841=DBBITS
D843=DBBITSLP
D851=AUTO
D867=AO1
D86E=AO2
D88A=SOUND
D88D=SNDLP
D8A9=SND1
D8B1=SND2
D8BF=SNDOPL
D8C5=SND3
D8CD=BOOT
D8DF=BOOTNR
D8E5=BOOTEX
D8E8=FDPL
D8F5=GDP
D906=BOOT2
D910=BOOT3
D921=RSAD
D923=RSA1
D926=RSA2
D934=RSA3
D939=RSA4
D946=RSA5
D948=RSA6
D967=BTNOE
D96F=BTCK
D978=BTLY
D97E=SADC
D981=SDCX
D986=SDC1
D989=REST
D98E=BUSY
D997=PFSTRS
D999=PFSTRSC
D9B1=PFRNDLP
D9B3=PFPSLP
D9BF=PFNRND
D9D4=EFCHECK
D9DA=MTRZDLP
D9E7=PFNPNT
D9EE=PFNMIN
DA01=PFNEZ
DA12=PFEXIT
DA2D=PFEFORM
DA31=PFPOWOK
DA42=NEGEFORM
DA44=CALCELP
DA59=POWSOK
DA62=POWL10
DA70=NOMINUS2
DA74=PFSPBH
DA82=PFFRACT
DA89=PFFRACT2
DA96=PFFRACT3
DA9D=FRACLZLP
DAA0=FRACLPEN
DAA3=PFSETPRB
DAA7=PFSPACE
DABD=PFSKMIN
DAC5=PRFPBUF
DAF5=PRMEDN
DB13=PRFRACT
DB19=PRFRLP
DB2A=TENX
DB30=TENMUL
DB3C=PRBORS
DB49=PRBIGN
DB4F=SHIFTDEC
DB60=NPRPNT
DB67=NPRZERO
DB68=NPRINTC
DB73=NPRINT
DB74=NPRINT2
DB75=NPRINT3
DB7F=DECDIGN
DB83=DECDIGP
DB95=DECIMIZE
DB9C=ZBCDBLP
DBA0=DECIMCLP
DBAA=DECIMBLP
DBB5=PRBCD
DBB9=BCDDIG
DBBE=BCDROTL
DBC8=PRDIGIT
DBD4=POFTEN
DBDB=POF10L1
DBE1=POF10LP
DBE5=POF10LPE
DBF4=POF10L2
DBF9=POF10L3
DC00=PROM1
DC0A=PRASCII
DC19=PRINTMN1
DC20=IOPENT
DC24=NLENTRY
DC4C=PRNONWLN
DC62=POSTORE
DC6F=POSLSCRN
DC73=POSUSCRN
DC77=ENDOUTP
DCA5=ENDOP2
DCAB=PRGR80
DCBB=POUDGH
DCBE=PRGR802
DCE8=POFN
DCEE=PSTFF2
DD04=POIMFN
DD11=POFPCFN
DD16=POTRNL
DD1B=POMSPX
DD26=POMSP2
DD28=POBTL
DD29=POGEN
DD2A=POGEN1
DD2E=POGEN2
DD3A=POMSG3
DD48=POMSG4
DD4C=POMSR
DD4F=POMSR2
DD5A=POMSR3
DD5E=LKHIBTLP
DD63=POMSR4
DD65=MVWORDLP
DD75=MVWORD2
DD77=MVWORD3
DD7D=POUDG
DD8E=PUDGS
DDA2=BKGRL1
DDA8=BKGRL2
DDB1=POFUDG
DDC0=POUDG1
DDC4=PRCRLCDS
DDDA=CCPTB
DDEC=PRCOMMA
DDFE=PCOM2
DE0E=PCOM3
DE0F=OPAORZ
DE10=OPASPACES
DE11=OPSPLP
DE17=PC25
DE1B=PRQUERY
DE1F=CURLF
DE2D=POSTOREH
DE31=CURLF2
DE37=CURUP
DE41=CURRT
DE50=PRDELL
DE5C=EROC2
DE67=EROC3
DE74=SPO0
DE76=OPBSP
DE87=SPOX
DE8A=OPSL
DE98=CURDN
DEA2=PRENTER
DEB5=PRENT2
DEBC=PRENT3
DEBE=PRENT4
DEC0=PRENT5
DEC3=LPRENT
DED1=CHBOP
DEDB=CC1OP
DEE0=CC2OPS
DEE3=SETADCOM
DEEB=SVSETOP
DEF3=CCRP2
DF12=TAB2
DF16=POATCC
DF38=SLSLP
DF40=POSTORH
DF44=PATER
DF46=SVCUROP
DF51=SCRLSCR
DF68=SCRLSCR2
DF98=BRCH
DFAB=DOSCRL
DFAE=SETSCRCT
DFB8=SCRLS
DFDE=RSTTEMPS
DFE0=SVTEMPS
DFEA=SVRSTTMPS
DFED=DBCHAR
DFF5=DHLP
E001=WTBRK
E00D=WTB2
E013=FONOP2
E019=SLMVC
E021=NOVE
E031=HDCLP
E038=HDCLP2
E049=NLTP
E05C=IFNER
E05E=TNMOK
E06E=MVTNM
E071=HDR2
E076=HDR3
E094=HDRLNOK
E0AB=HDRPLC
E0BE=RNTVL
E0E6=HDR4
E0FF=HDRNLP
E100=HDNSHP
E104=HDRNMS
E119=HDRN1
E12C=HDRNOK
E134=HDR5
E16C=HDRSC2
E179=HDR6
E19F=SVDS1
E1A5=SVDNU
E1A8=SVDNH
E1AB=SVNSC
E1AF=SVDTT
E1CB=SVNWAR
E1D3=SVDTCE
E1E2=SLVMC
E1E5=SLVM1
E1ED=LVMMAIN
E1FA=LKTH
E1FD=LDFL
E218=LVM2
E229=CDSCVE
E24B=HDLNM
E264=STSPEC
E265=STSPEC2
E269=STSPEC3
E28B=HDNSTP
E294=HDLDEX
E29C=LDVDBLK
E2A3=LDDBLK
E2A4=LDVD2
E2AC=DOSLV
E2B6=DOSLD
E2B9=LDVD3
E2BE=TERROR
E2C0=LDSCRN
E2CE=LDSC2
E30E=PMV
E323=LDPRDT
E335=LDNAR
E338=LDSZOK
E36B=LDCRX
E36F=LDCRA
E375=LDCR3
E3AB=LDPROG
E3B4=SNTVL
E3EA=LDUSLN
E3F1=LKHDR
E422=LKHNP
E43D=SNMN
E43E=LKHTM
E446=PRHDLP
E44D=PRHDC
E466=LDHDR
E4A6=HDTR5
E4BF=SAMAIN
E4CD=SAPA2
E4D4=SADOS
E4DB=SVFL
E4EA=SAHDDB
E50C=SCRLEN
E51A=TORN
E526=TCHK
E52C=CUS2
E535=WNF
E54D=NMOUT
E54E=NMOUT1
E55F=SABLK
E578=SVLC
E582=SVCLC
E58A=SVTYP
E58D=SVHDR
E594=SVDL0
E5B0=SVBL
E5B4=SV2
E5BA=SVDL
E5C8=SVDL2
E5CC=SVBY
E5DE=SV4
E5E3=SV45
E5F8=SV5
E604=SV6
E608=SABYTES
E60E=LDBYTES
E611=SVLDCOM
E61D=WNH
E621=WNHL
E625=WTNI
E639=NERR
E642=NOSR
E648=NISR
E654=NTV
E658=NTVL
E65D=LDBLK
E675=LDERR
E679=LDSTRT
E68C=LDLDR
E6A7=BLWAV
E6CF=WTSYNC
E6EC=LDTYPE
E6F5=LDTCP
E6FC=LDLOOP
E6FD=LDDE
E702=LDVERIF
E705=LDNVER
E706=LDNEXT
E714=LDDEC
E716=LDSTART
E71A=LDBITS
E73D=CKNET
E73E=CKNT1
E740=CKNT2
E74F=NMIN
E753=NMIN1
E761=NMIN2
E76A=NMIN3
E76C=NIXR
E775=NIXL
E782=NIXJ
E792=XOINTERS
E798=X31
E7AE=PNT1
E7BB=PNT15
E7FE=PNBS
E80B=SMBW
E818=SMBS
E823=SMBS2
E825=SADJ
E82A=SADJL
E840=SADJ2
E855=FPTLP
E85D=SNDA2
E863=SENDLP
E877=HEAPROOM
E885=HEAPR2
E88D=HEAPR3
E895=IMINSTR
E8A5=INSTR2
E8A8=INSTR3
E8D0=INARRAYEN
E8E0=NOTFND3H
E8EA=INSTBKLP
E907=MINSR
E912=JUNKS
E916=IMLENGTH
E937=IMLEN2
E945=IMLENC
E94C=IMLEN3
E962=ASSAR3
E967=ASSAR4
E974=ASSAR5
E97F=ASSAR6
E98C=IMLERR
E98E=IMSTRINGS
E9B4=STRSL
E9C1=STRINGSN
E9C8=CIFILSR
E9DE=CIFISR2
E9E9=THINC2
E9ED=THINC3
E9F2=THINC4
E9F9=THINC5
E9FE=CRBBFN
EA0A=CRBB2
EA0F=CRBBL
EA1C=CRTBF
EA23=CRTBFI
EA24=CRTB1
EA26=CRTB2
EA2D=CRTBL
EA38=DRTCRV
EA47=DRT2
EA5E=DRCURVE
EA67=DRHLB
EA7F=DROPEX
EA84=DRCURV3
EA9C=DRCURV4
EAFE=CURVLP
EB10=CUENTRY
EB2D=CURVEND
EB3C=LINEDRAW
EB44=CALLER
EB49=FCALERLP
EB64=FCALERCE
EB70=SETUPVARS
EB88=CRTVAR2
EB8B=CRTVAR3
EB9E=ERVT
EBAE=MNINIT
EBB3=RMPS
EBD1=RMCK
EBF0=RAMEX
EBFF=ATIF
EC08=ATIX
EC12=ATIU
EC8B=NEW
EC8F=NEW2
EC9E=SCLI
ECAC=CSPL
ECB2=DCSP
ECBE=STRIL
ECC8=CLSTL
ED23=RBOWL
ED39=UPACK
ED46=UPKGC
ED49=UPKBL
ED67=SB5L
ED72=PBSL
ED7D=CLSHS
ED80=CLSHS2
ED86=CLHSL
ED9F=COLOUR
EDA7=COLINIT
EDBB=PALSW
EDC7=PL4S
EDCC=COLINIT1
EDD5=COLOUR1
EDEE=COLDELP
EDF4=COLDEL1
EDF9=COLDEL2
EE0D=INKVALERR
EE0F=COLOUR5
EE22=COLSING
EE27=COLOUR10
EE31=COLOURFL
EE40=COLATL
EE43=COLATL2
EE47=COLOUR15
EE51=COLOUR2
EE5D=JPALET
EE6D=COLFULERR
EE6F=COLRLINE
EE73=COLRLP
EE78=COLRLP2
EE7D=COLRL2
EE86=COLRL3
EEAC=LD2COL
EEB2=FLITE
EEB5=FLITD
EEB8=FLITL
EEC5=COLATSR
EED8=BEEP
EEF1=BEEP2
EEFE=INVNOTE
EF00=BEEP3
EF1B=BEEPP2
EF26=BEEPER2
EF30=BEEPLP
EF34=BPTMLP
EF3D=BPLENT
EF4C=BEEPR3
EF50=BEEPR4
EF53=BEEPR5
EF56=ZAP
EF5B=ZPL
EF6C=BOOM
EF76=ZOOM
EF7E=ZPC
EF80=PAF
EF86=SAD
EF88=SELP
EF98=POW
EF9E=PWLP
EFB0=BGRAPHICS
EFBE=KEY
EFD6=SLDEVICE
EFF7=DEVI2
EFFC=DEVI3
F003=PAUSE
F00E=PAU1
F024=PAU2
F02B=PRCOITEM2
F03E=COINVERSE
F050=COOVER
F06B=COINOVC
F071=COBRIGHT
F091=COBRI1
F097=COBRI15
F09F=COBRI2
F0A2=COFLASH
F0A5=COBRFLC
F0AF=COBFC2
F0B7=INVCOLERR
F0B9=COFBOK
F0C6=COINK
F0CA=COPAPER
F0D1=CINKPAPC
F0E4=CONFBRI
F0F3=COIPM3
F104=COPAPM3
F109=CINKPAP0
F117=CINKPAP1
F118=CINKPAP2
F128=COCHNGP
F12A=COCHNG
F131=BORDER
F13A=SETBORD
F15D=BORD1
F176=BORD2
F177=BORD3
F17B=CVLSP
F180=M3TO2
F18A=WINDOW
F1A9=WND2
F1BC=SETWIND
F1CA=ALLWIND
F1D7=WDERR
F1D9=OUT
F1E7=STOP
F1EC=RANDOMIZE
F1F9=RANDOM1
F1FD=COPY
F208=GRCOPY
F20B=JGCOPY
F20C=JTCOPY
F210=JPOPT
F214=IMSCREENS
F230=IMSCSR
F25A=SC6OAL
F263=SC6EAL
F26C=SCM01
F277=SCM01L
F282=SCBMCH
F29A=UDGFND
F29C=SCRNFND
F2A6=SCREENSR
F2B6=SCREENLP
F2BA=SCREEN1
F2BE=SCREEN2
F2CF=FULCKLP
F2DB=FULCK1
F2E4=LSTR1
F2E7=LSTLNL
F314=OUTLINE
F332=OUTLN2
F34D=OUTLN22
F356=OUTLN25
F35F=OUTLN3
F362=OUTLN4
F377=OUTLNLP
F3C2=TABS2
F3D6=OUTCH2
F3DE=OUTCH3
F3E1=STENTS
F3F9=PDCL
F3FE=PTU
F40C=PTCL
F411=SPACES
F43D=DECSPCS
F445=SPACES2
F457=SPACES3
F45C=SPACES35
F464=INCSPCS
F46A=INDOPEN
F46D=SPACES4
F485=SPCS5
F488=SPACESR
F494=EDPTR2
F4D2=EDIM
F4D5=EDCOP
F4E5=EDBL
F4F7=EDPE
F4FE=EDBE
F514=LSASR
F51F=CUOPP
F536=CUOP2
F539=OPCURSOR
F550=OPCUR2
F564=PRLCU
F56E=PRFLQUERY
F570=PRINVERT
F5A8=PRAREG
F5AB=PRNUMB1
F5B4=PRNUMB2
F5B6=PRNUMBC
F5BB=PRNUOLP
F5C6=PRNUILP
F5CF=PRNTNO1
F5D1=PRNTNO2
F5DD=UMVAL
F651=ERRMVAL
F819=COMPLIST
F8C8=KEYWTAB
F8C9=IMFNTL
F92A=FPCFNTL
F9A3=BINFNTL
F9BC=KWDS85
FA2F=KWDSA0
FACB=KWDSC0
FB67=KWDSE0
FB94=BTWD
FBDE=DKSRC
FC21=DKEN
FC22=CHIT
FC34=MAIT
FC4A=CHANTAB
FC69=KSRC
FD3B=CKTAB
FD51=INITCOLS
FD65=CMDADT
FE33=U8TAB
FE44=VVAR2
FE46=SUBTAB
FE4E=CHARSRC
